[debug] [2026-09-05T02:49:04.550Z] ----------------------------------------------------------------------
[debug] [2026-09-05T02:49:04.554Z] Command:       C:\Program Files\nodejs\node.exe C:\Users\hp\AppData\Roaming\npm\node_modules\firebase-tools\lib\bin\firebase.js deploy --only hosting
[debug] [2026-09-05T02:49:04.555Z] CLI Version:   15.18.0
[debug] [2026-09-05T02:49:04.555Z] Platform:      win32
[debug] [2026-09-05T02:49:04.555Z] Node Version:  v24.15.0
[debug] [2026-09-05T02:49:04.555Z] Time:          Sat Sep 05 2026 08:19:04 GMT+0530 (India Standard Time)
[debug] [2026-09-05T02:49:04.555Z] ----------------------------------------------------------------------
[debug] 
[debug] [2026-09-05T02:49:07.316Z] > command requires scopes: ["email","openid","https://www.googleapis.com/auth/cloudplatformprojects.readonly","https://www.googleapis.com/auth/firebase","https://www.googleapis.com/auth/cloud-platform"]
[debug] [2026-09-05T02:49:07.317Z] > authorizing via signed-in user (a8hi.sao@gmail.com)
[debug] [2026-09-05T02:49:07.317Z] [iam] checking project cg-guru for permissions ["firebase.projects.get","firebasehosting.sites.update"]
[debug] [2026-09-05T02:49:07.318Z] Checked if tokens are valid: true, expires at: 1788578108125
[debug] [2026-09-05T02:49:07.318Z] Checked if tokens are valid: true, expires at: 1788578108125
[debug] [2026-09-05T02:49:07.320Z] >>> [apiv2][query] POST https://cloudresourcemanager.googleapis.com/v1/projects/cg-guru:testIamPermissions [none]
[debug] [2026-09-05T02:49:07.320Z] >>> [apiv2][(partial)header] POST https://cloudresourcemanager.googleapis.com/v1/projects/cg-guru:testIamPermissions  x-goog-user-project=cg-guru
[debug] [2026-09-05T02:49:07.320Z] >>> [apiv2][body] POST https://cloudresourcemanager.googleapis.com/v1/projects/cg-guru:testIamPermissions {"permissions":["firebase.projects.get","firebasehosting.sites.update"]}
[debug] [2026-09-05T02:49:09.042Z] <<< [apiv2][status] POST https://cloudresourcemanager.googleapis.com/v1/projects/cg-guru:testIamPermissions 200
[debug] [2026-09-05T02:49:09.042Z] <<< [apiv2][body] POST https://cloudresourcemanager.googleapis.com/v1/projects/cg-guru:testIamPermissions {"permissions":["firebase.projects.get","firebasehosting.sites.update"]}
[debug] [2026-09-05T02:49:09.043Z] Checked if tokens are valid: true, expires at: 1788578108125
[debug] [2026-09-05T02:49:09.043Z] Checked if tokens are valid: true, expires at: 1788578108125
[debug] [2026-09-05T02:49:09.044Z] >>> [apiv2][query] GET https://firebase.googleapis.com/v1beta1/projects/cg-guru [none]
[debug] [2026-09-05T02:49:09.049Z] *** [apiv2] error from fetch(https://firebase.googleapis.com/v1beta1/projects/cg-guru, {"headers":{},"method":"GET","signal":{"reason":""}}): FetchError: request to https://firebase.googleapis.com/v1beta1/projects/cg-guru failed, reason: getaddrinfo ENOTFOUND firebase.googleapis.com
[debug] [2026-09-05T02:49:09.050Z] Failed to make request to https://firebase.googleapis.com/v1beta1/projects/cg-guru (original: request to https://firebase.googleapis.com/v1beta1/projects/cg-guru failed, reason: getaddrinfo ENOTFOUND firebase.googleapis.com)
[error] 
[error] Error: Assertion failed: resolving hosting target of a site with no site name or target name. This should have caused an error earlier
